// Jest Snapshot v1, https://goo.gl/fbAQLP

exports[`Footer component tests should match snapshot 1`] = `
<div
  className="footer footer__container"
>
  <div
    className="footer__main-block"
  >
    <div
      className="footer__info"
    >
      <div
        className="footer__info-title info-title"
      >
        <svg
          height={45}
          width={40}
        />
        <h5
          className="info-title__text"
        >
          Modsen Currency Tracker
        </h5>
      </div>
      <p
        className="footer__info-text"
      >
        Since then, the company has grown organically to. Starsup is the world‘s largest trading platform, with $12 billion worth of currency trading and 500,000 tickets sold daily to tens of thousands of traders worldwide.
      </p>
    </div>
    <div
      className="footer__links links"
    >
      <nav
        className="links__nav nav"
      >
        <p
          className="nav__item"
        >
          General
        </p>
        <a
          className="nav__item"
          href="/market"
          onClick={[Function]}
        >
          Market
        </a>
        <a
          className="nav__item"
          href="/service"
          onClick={[Function]}
        >
          Service
        </a>
      </nav>
      <nav
        className="links__nav nav"
      >
        <p
          className="nav__item"
        >
          Product
        </p>
        <a
          className="nav__item"
          href="/sparks"
          onClick={[Function]}
        >
          Sparks
        </a>
        <a
          className="nav__item"
          href="/snaps"
          onClick={[Function]}
        >
          Snaps
        </a>
      </nav>
      <nav
        className="links__nav nav"
      >
        <p
          className="nav__item"
        >
          Community
        </p>
        <a
          className="nav__item"
          href="/ideas"
          onClick={[Function]}
        >
          Ideas
        </a>
        <a
          className="nav__item"
          href="/streams"
          onClick={[Function]}
        >
          Streams
        </a>
      </nav>
    </div>
    <div
      className="footer-links__burgers-container"
    >
      <div
        className="footer-links__burger"
      >
        <div
          className="footer-links__container"
        >
          <button
            className="footer-links____title-container"
            onClick={[Function]}
          >
            <p
              className="footer-links____title"
            >
              General
            </p>
            <svg
              className="footer-links____title-image"
            />
          </button>
          <div
            className="footer-links____links"
          >
            <a
              className="footer-links____item"
              href="/ideas"
              onClick={[Function]}
            >
              Ideas
            </a>
            <a
              className="footer-links____item"
              href="/streams"
              onClick={[Function]}
            >
              Streams
            </a>
          </div>
        </div>
      </div>
      <div
        className="footer-links__burger"
      >
        <div
          className="footer-links__container"
        >
          <button
            className="footer-links____title-container"
            onClick={[Function]}
          >
            <p
              className="footer-links____title"
            >
              Product
            </p>
            <svg
              className="footer-links____title-image"
            />
          </button>
          <div
            className="footer-links____links"
          >
            <a
              className="footer-links____item"
              href="/sparks"
              onClick={[Function]}
            >
              Sparks
            </a>
            <a
              className="footer-links____item"
              href="/snaps"
              onClick={[Function]}
            >
              Snaps
            </a>
          </div>
        </div>
      </div>
      <div
        className="footer-links__burger"
      >
        <div
          className="footer-links__container"
        >
          <button
            className="footer-links____title-container"
            onClick={[Function]}
          >
            <p
              className="footer-links____title"
            >
              Community
            </p>
            <svg
              className="footer-links____title-image"
            />
          </button>
          <div
            className="footer-links____links"
          >
            <a
              className="footer-links____item"
              href="/ideas"
              onClick={[Function]}
            >
              Ideas
            </a>
            <a
              className="footer-links____item"
              href="/streams"
              onClick={[Function]}
            >
              Streams
            </a>
          </div>
        </div>
      </div>
    </div>
  </div>
  <p
    className="footer__copyright"
  >
    Startsup © 2023-2024, All Rights Reserved
  </p>
</div>
`;
